// Jest Snapshot v1, https://goo.gl/fbAQLP

exports[`renders correctly 1`] = `
<a
  active="true"
  exact="true"
  href="/"
  onClick={[Function]}
>
  Rockets
</a>
`;
